Open Watcom Linker Version 2.0 beta Apr  2 2021 00:33:57 (64-bit)
Copyright (c) 2002-2021 The Open Watcom Contributors. All Rights Reserved.
Portions Copyright (c) 1985-2002 Sybase, Inc. All Rights Reserved.
Created on:       21/06/24 20:41:14
Executable Image: test.exe
creating a DOS executable


                        +------------+
                        |   Groups   |
                        +------------+

Group                           Address              Size
=====                           =======              ====

DGROUP                          092b:0000            00002500



                        +--------------+
                        |   Segments   |
                        +--------------+

Segment                Class          Group          Address         Size
=======                =====          =====          =======         ====

direct_mode6_TEXT      CODE           AUTO           0000:0000       0000068e
direct_system_TEXT     CODE           AUTO           0000:068e       0000056c
main_TEXT              CODE           AUTO           0000:0bfa       0000069f
_TEXT                  CODE           AUTO           0000:12a0       0000371a
cppdata_TEXT           CODE           AUTO           0000:49ba       00000000
fsregist_TEXT          CODE           AUTO           0000:49ba       00000384
opdel_TEXT             CODE           AUTO           0000:4d3e       0000000e
opnew_TEXT             CODE           AUTO           0000:4d4c       00000078
ioicout_TEXT           CODE           AUTO           0000:4dc4       0000008b
ostincch_TEXT          CODE           AUTO           0000:4e4f       000000b0
ostincha_TEXT          CODE           AUTO           0000:4eff       000000f2
manhex_TEXT            CODE           AUTO           0000:4ff1       0000000f
mandec_TEXT            CODE           AUTO           0000:5000       0000000f
ostiniom_TEXT          CODE           AUTO           0000:500f       00000028
ostinslo_TEXT          CODE           AUTO           0000:5037       00000133
fsroot_TEXT            CODE           AUTO           0000:516a       0000000b
stabdtor_TEXT          CODE           AUTO           0000:5175       00000368
stabdisp_TEXT          CODE           AUTO           0000:54dd       0000033f
undefed_TEXT           CODE           AUTO           0000:581c       00000010
sdfconfp_TEXT          CODE           AUTO           0000:582c       0000001e
stablcl_TEXT           CODE           AUTO           0000:584a       00000005
ostconsf_TEXT          CODE           AUTO           0000:584f       000000e8
ostflush_TEXT          CODE           AUTO           0000:5937       00000051
ostdestr_TEXT          CODE           AUTO           0000:5988       000000f2
sdfdestr_TEXT          CODE           AUTO           0000:5a7a       000000e9
moddtorr_TEXT          CODE           AUTO           0000:5b63       00000000
ostopfx_TEXT           CODE           AUTO           0000:5b63       0000006f
iouwrtit_TEXT          CODE           AUTO           0000:5bd2       0000038a
iossetst_TEXT          CODE           AUTO           0000:5f5c       0000004a
pure_err_TEXT          CODE           AUTO           0000:5fa6       00000024
ostdlshf_TEXT          CODE           AUTO           0000:5fca       00000047
ioufgtba_TEXT          CODE           AUTO           0000:6011       0000001e
ostinulo_TEXT          CODE           AUTO           0000:602f       00000171
stabtrav_TEXT          CODE           AUTO           0000:61a0       000001e9
callterm_TEXT          CODE           AUTO           0000:6389       00000032
allocexc_TEXT          CODE           AUTO           0000:63bb       000004c3
stabadt_TEXT           CODE           AUTO           0000:687e       00000114
tsequiv_TEXT           CODE           AUTO           0000:6992       00000194
fatalerr_TEXT          CODE           AUTO           0000:6b26       0000001d
stfdsgtn_TEXT          CODE           AUTO           0000:6b43       000000a0
vfun_err_TEXT          CODE           AUTO           0000:6be3       00000024
stfdspun_TEXT          CODE           AUTO           0000:6c07       000000e3
stfpbfai_TEXT          CODE           AUTO           0000:6cea       00000004
sdfoverf_TEXT          CODE           AUTO           0000:6cee       000001e2
sdfundrf_TEXT          CODE           AUTO           0000:6ed0       00000179
stfsbuf_TEXT           CODE           AUTO           0000:7049       00000077
stfseeko_TEXT          CODE           AUTO           0000:70c0       0000000c
stfseekp_TEXT          CODE           AUTO           0000:70cc       00000021
sdfsync_TEXT           CODE           AUTO           0000:70ed       0000002c
stfdoall_TEXT          CODE           AUTO           0000:7119       0000003d
stfconde_TEXT          CODE           AUTO           0000:7156       0000006e
stabmod_TEXT           CODE           AUTO           0000:71c4       00000076
iosinit_TEXT           CODE           AUTO           0000:723a       0000005b
iosconde_TEXT          CODE           AUTO           0000:7295       00000011
iosdestr_TEXT          CODE           AUTO           0000:72a6       000000a8
stfsync_TEXT           CODE           AUTO           0000:734e       00000022
dtorarst_TEXT          CODE           AUTO           0000:7370       00000029
opdelarr_TEXT          CODE           AUTO           0000:7399       00000005
stfdestr_TEXT          CODE           AUTO           0000:739e       0000002a
opnewarr_TEXT          CODE           AUTO           0000:73c8       00000005
iosfail_TEXT           CODE           AUTO           0000:73cd       00000009
stabthrw_TEXT          CODE           AUTO           0000:73d6       00000c39
prwdata_TEXT           CODE           AUTO           0000:800f       00000000
ostadpre_TEXT          CODE           AUTO           0000:800f       0000006c
bittest_TEXT           CODE           AUTO           0000:807b       00000044
termnate_TEXT          CODE           AUTO           0000:80bf       00000049
exc_pr_TEXT            CODE           AUTO           0000:8108       000001ab
areaexc_TEXT           CODE           AUTO           0000:82b3       00000000
tssize_TEXT            CODE           AUTO           0000:82b3       0000004d
stfsetb_TEXT           CODE           AUTO           0000:8300       00000083
ioufrxal_TEXT          CODE           AUTO           0000:8383       0000002d
unexpect_TEXT          CODE           AUTO           0000:83b0       0000008d
stabinit_TEXT          CODE           AUTO           0000:843d       0000010f
ljmpinit_TEXT          CODE           AUTO           0000:854c       00000016
ljmpdtor_TEXT          CODE           AUTO           0000:8562       000000b2
direct_mode6_DATA1     FAR_CONST      AUTO           0861:0004       000002be
direct_system_DATA1    FAR_CONST      AUTO           088e:0000       00000028
main_DATA1             FAR_CONST      AUTO           088e:0030       00000028
main_DATA2             FAR_CONST      AUTO           0893:0008       00000086
cppdata_DATA1          FAR_CONST      AUTO           089c:0000       00000000
fsregist_DATA1         FAR_CONST      AUTO           089c:0000       00000000
opdel_DATA1            FAR_CONST      AUTO           089c:0000       00000000
opnew_DATA1            FAR_CONST      AUTO           089c:0000       00000000
ioicout_DATA1          FAR_CONST      AUTO           089c:0000       00000076
ostincch_DATA1         FAR_CONST      AUTO           08a3:0006       00000000
ostincha_DATA1         FAR_CONST      AUTO           08a3:0006       00000000
manhex_DATA1           FAR_CONST      AUTO           08a3:0006       00000000
mandec_DATA1           FAR_CONST      AUTO           08a3:0006       00000000
ostiniom_DATA1         FAR_CONST      AUTO           08a3:0006       00000000
ostinslo_DATA1         FAR_CONST      AUTO           08a3:0006       00000000
fsroot_DATA1           FAR_CONST      AUTO           08a4:0000       00000000
stabdtor_DATA1         FAR_CONST      AUTO           08a4:0000       00000000
stabdisp_DATA1         FAR_CONST      AUTO           08a4:0000       00000000
undefed_DATA1          FAR_CONST      AUTO           08a4:0000       00000000
undefed_DATA1          FAR_CONST      AUTO           08a4:0000       0000002c
sdfconfp_DATA1         FAR_CONST      AUTO           08a6:000c       00000044
stablcl_DATA1          FAR_CONST      AUTO           08ab:0000       00000000
ostconsf_DATA1         FAR_CONST      AUTO           08ab:0000       00000040
ostflush_DATA1         FAR_CONST      AUTO           08ab:0040       00000000
ostdestr_DATA1         FAR_CONST      AUTO           08af:0000       00000034
sdfdestr_DATA1         FAR_CONST      AUTO           08af:0040       0000002c
moddtorr_DATA1         FAR_CONST      AUTO           08af:0070       00000000
ostopfx_DATA1          FAR_CONST      AUTO           08b6:0000       00000000
iouwrtit_DATA1         FAR_CONST      AUTO           08b6:0000       00000000
iossetst_DATA1         FAR_CONST      AUTO           08b6:0000       00000056
pure_err_DATA1         FAR_CONST      AUTO           08b6:0060       00000000
pure_err_DATA1         FAR_CONST      AUTO           08bc:0000       0000001e
ostdlshf_DATA1         FAR_CONST      AUTO           08bd:000e       00000000
ioufgtba_DATA1         FAR_CONST      AUTO           08bd:000e       00000000
ostinulo_DATA1         FAR_CONST      AUTO           08bd:000e       00000000
stabtrav_DATA1         FAR_CONST      AUTO           08be:0000       00000000
callterm_DATA1         FAR_CONST      AUTO           08be:0000       00000000
callterm_DATA1         FAR_CONST      AUTO           08be:0000       0000001f
allocexc_DATA1         FAR_CONST      AUTO           08c0:0000       00000046
allocexc_DATA1         FAR_CONST      AUTO           08c4:0006       0000002b
stabadt_DATA1          FAR_CONST      AUTO           08c8:0000       00000026
tsequiv_DATA1          FAR_CONST      AUTO           08c8:0030       00000000
fatalerr_DATA1         FAR_CONST      AUTO           08c8:0030       00000000
stfdsgtn_DATA1         FAR_CONST      AUTO           08cb:0000       00000000
vfun_err_DATA1         FAR_CONST      AUTO           08cb:0000       00000000
vfun_err_DATA1         FAR_CONST      AUTO           08cb:0000       00000032
stfdspun_DATA1         FAR_CONST      AUTO           08ce:0002       00000000
stfpbfai_DATA1         FAR_CONST      AUTO           08ce:0002       00000000
sdfoverf_DATA1         FAR_CONST      AUTO           08ce:0002       00000000
sdfundrf_DATA1         FAR_CONST      AUTO           08ce:0002       00000000
stfsbuf_DATA1          FAR_CONST      AUTO           08ce:0002       00000000
stfseeko_DATA1         FAR_CONST      AUTO           08ce:0002       00000000
stfseekp_DATA1         FAR_CONST      AUTO           08ce:0002       00000000
sdfsync_DATA1          FAR_CONST      AUTO           08ce:0002       00000000
stfdoall_DATA1         FAR_CONST      AUTO           08ce:0002       00000000
stfconde_DATA1         FAR_CONST      AUTO           08ce:0002       0000003a
stabmod_DATA1          FAR_CONST      AUTO           08d2:0000       00000000
iosinit_DATA1          FAR_CONST      AUTO           08d2:0000       00000000
iosconde_DATA1         FAR_CONST      AUTO           08d2:0000       00000012
iosdestr_DATA1         FAR_CONST      AUTO           08d4:0000       00000036
stfsync_DATA1          FAR_CONST      AUTO           08d7:0006       00000000
dtorarst_DATA1         FAR_CONST      AUTO           08d8:0000       00000000
opdelarr_DATA1         FAR_CONST      AUTO           08d8:0000       00000000
stfdestr_DATA1         FAR_CONST      AUTO           08d8:0000       00000000
opnewarr_DATA1         FAR_CONST      AUTO           08d8:0000       00000000
iosfail_DATA1          FAR_CONST      AUTO           08d8:0000       00000000
stabthrw_DATA1         FAR_CONST      AUTO           08d8:0000       000001da
stabthrw_DATA1         FAR_CONST      AUTO           08f5:000a       000001a4
ostadpre_DATA1         FAR_CONST      AUTO           090f:000e       00000000
bittest_DATA1          FAR_CONST      AUTO           0910:0000       00000000
termnate_DATA1         FAR_CONST      AUTO           0910:0000       00000000
termnate_DATA1         FAR_CONST      AUTO           0910:0000       00000022
exc_pr_DATA1           FAR_CONST      AUTO           0913:0000       00000000
areaexc_DATA1          FAR_CONST      AUTO           0913:0000       00000000
tssize_DATA1           FAR_CONST      AUTO           0913:0000       00000000
stfsetb_DATA1          FAR_CONST      AUTO           0913:0000       00000000
ioufrxal_DATA1         FAR_CONST      AUTO           0913:0000       00000000
unexpect_DATA1         FAR_CONST      AUTO           0913:0000       0000000a
unexpect_DATA1         FAR_CONST      AUTO           0913:000a       00000023
stabinit_DATA1         FAR_CONST      AUTO           0916:0000       00000000
ljmpinit_DATA1         FAR_CONST      AUTO           0916:0000       00000000
ljmpdtor_DATA1         FAR_CONST      AUTO           0916:0000       00000000
ioicout_DATA1          FAR_DATA       AUTO           0916:0000       00000063
FAR_DATA               FAR_DATA       AUTO           0916:0063       00000000
sdfconfp_DATA1         FAR_DATA       AUTO           0916:0063       00000016
ostconsf_DATA1         FAR_DATA       AUTO           0916:0079       00000010
ostdestr_DATA1         FAR_DATA       AUTO           0916:0089       00000000
sdfdestr_DATA1         FAR_DATA       AUTO           0916:0089       00000000
iossetst_DATA1         FAR_DATA       AUTO           0916:0089       00000033
allocexc_DATA2         FAR_DATA       AUTO           0916:00bc       00000014
stabadt_DATA1          FAR_DATA       AUTO           0916:00d0       00000011
stfconde_DATA1         FAR_DATA       AUTO           0916:00e1       00000000
iosconde_DATA1         FAR_DATA       AUTO           0916:00e1       00000000
iosdestr_DATA1         FAR_DATA       AUTO           0916:00e1       00000000
stfdestr_DATA1         FAR_DATA       AUTO           0916:00e1       00000000
stabthrw_DATA2         FAR_DATA       AUTO           0916:00e1       00000068
unexpect_DATA2         FAR_DATA       AUTO           0916:0149       00000000
_NULL                  BEGDATA        DGROUP         092b:0000       00000020
_AFTERNULL             BEGDATA        DGROUP         092d:0000       00000002
CONST                  DATA           DGROUP         092d:0002       000000b6
CONST2                 DATA           DGROUP         0938:0008       00000002
_DATA                  DATA           DGROUP         0939:0000       00001a1c
XIB                    DATA           DGROUP         0ada:000c       00000000
XI                     DATA           DGROUP         0ada:000c       0000002a
XIE                    DATA           DGROUP         0add:0006       00000000
YIB                    DATA           DGROUP         0add:0006       00000000
YI                     DATA           DGROUP         0add:0006       0000000c
YIE                    DATA           DGROUP         0ade:0002       00000000
STRINGS                DATA           DGROUP         0ade:0002       00000000
DATA                   DATA           DGROUP         0ade:0002       00000000
_BSS                   BSS            DGROUP         0adf:0000       000001b8
STACK                  STACK          DGROUP         0afb:0000       00000800


                        +----------------+
                        |   Memory Map   |
                        +----------------+

* = unreferenced symbol
+ = symbol only referenced locally

Address        Symbol
=======        ======

Module: direct_mode6.obj(C:\Users\ifkno\DOSBOX\DOS16\CODE\direct_mode6.cpp)
0000:0000      void __far mode6::plot( short unsigned, short unsigned )
0000:00b0+     void __far mode6::xor_plot( short unsigned, short unsigned )
0000:0160      void __far mode6::vline( short unsigned, short unsigned, short unsigned )
0000:0270+     void __far mode6::xor_vline( short unsigned, short unsigned, short unsigned )
0000:0380      void __far mode6::hline( short unsigned, short unsigned, short unsigned )
0000:0480+     void __far mode6::xor_hline( short unsigned, short unsigned, short unsigned )
0000:0580      void __far mode6::bline( short, short, short, short )
0000:0666+     void __far mode6::box( short unsigned, short unsigned, short unsigned, short unsigned )
Module: direct_system.obj(C:\Users\ifkno\DOSBOX\DOS16\CODE\direct_system.cpp)
0000:08be      __far std::allocator<char __far >::~allocator()
0000:08f7      __far std::basic_string<char __far,std::char_traits<char __far > __far,std::allocator<char __far > __far >::basic_string( std::basic_string<char __far,std::char_traits<char __far > __far,std::allocator<char __far > __far > const __far & )
0000:0a64      __far std::basic_string<char __far,std::char_traits<char __far > __far,std::allocator<char __far > __far >::~basic_string()
0000:0b65      char __far * __far std::basic_string<char __far,std::char_traits<char __far > __far,std::allocator<char __far > __far >::alloc( int unsigned, int unsigned __far & )
0000:068e      bool __far system::detect_8087()
0000:06e0      bool __far system::detect_crtc()
0000:0740      dos::video_adapter_t __far system::get_video_adapter_type()
0000:07ff      void __far system::set_video_mode( dos::video_mode_t )
0000:0848      dos::video_state_t __far system::get_video_state()
092b:00d8      int unsigned const __far std::basic_string<char __far,std::char_traits<char __far > __far,std::allocator<char __far > __far >::npos
Module: main.obj(C:\Users\ifkno\DOSBOX\DOS16\CODE\main.cpp)
0000:0bfa+     void __far cbox( short unsigned, short unsigned, short unsigned )
0000:0c6b+     void __far slo_vline( short unsigned, short unsigned, short unsigned )
0000:0cb8+     void __far slo_hline( short unsigned, short unsigned, short unsigned )
0000:0d05+     void __far slo_box( short unsigned, short unsigned, short unsigned )
0000:0d72      main_
Module: C:\WATCOM\lib286\dos\clibl.lib(stk086.asm)
0000:12a5      __STK
0000:12c5*     __STKOVERFLOW_
Module: C:\WATCOM\lib286\dos\clibl.lib(assert99.c)
0000:12e2      _assert99_
0000:147f*     __assert99_
Module: C:\WATCOM\lib286\dos\clibl.lib(cmodel.asm)
0000:14b4      _big_code_
0000:14b4*     CodeModelMismatch
Module: C:\WATCOM\lib286\plbxl.lib(cppdata.cpp)
092b:1b40      __wint_thread_data
092b:1b64      __compiled_under_generic
Module: C:\WATCOM\lib286\dos\clibl.lib(intx086.c)
0000:14b4+     int86x_
0000:1555      int86_
Module: C:\WATCOM\lib286\plbxl.lib(fsregist.cpp)
0000:49ba+     __wcpp_4_dispatch_dummy__
0000:49f3      __wcpp_4_fs_lookup__
0000:4b02      __wcpp_4_fs_handler_rtn__
0000:4c70      __wcpp_4_unwind_global__
0000:4ce9      __wcpp_4_raise_exception__
Module: C:\WATCOM\lib286\dos\clibl.lib(memcpy.c)
0000:1582      memcpy_
Module: C:\WATCOM\lib286\plbxl.lib(opdel.cpp)
0000:4d3e      void __far operator delete( void __far * )
Module: C:\WATCOM\lib286\plbxl.lib(opnew.cpp)
0000:4d4c      void __far * __far operator new( int unsigned )
Module: C:\WATCOM\lib286\plbxl.lib(ioicout.cpp)
092b:1ba8      std::ostream __near std::cout
0000:4e22+     __far cout_initfini::cout_initfini()
0000:4e2f+     __far cout_initfini::~cout_initfini()
Module: C:\WATCOM\lib286\plbxl.lib(ostincch.cpp)
0000:4e4f      std::ostream __far & __far std::ostream::operator <<( char const __far * )
Module: C:\WATCOM\lib286\plbxl.lib(ostincha.cpp)
0000:4eff      std::ostream __far & __far std::ostream::operator <<( char )
Module: C:\WATCOM\lib286\plbxl.lib(manhex.cpp)
0000:4ff1      std::ios __far & __far std::hex( std::ios __far & )
Module: C:\WATCOM\lib286\plbxl.lib(mandec.cpp)
0000:5000      std::ios __far & __far std::dec( std::ios __far & )
Module: C:\WATCOM\lib286\plbxl.lib(ostiniom.cpp)
0000:500f      std::ostream __far & __far std::ostream::operator <<( std::ios __far & (__far *)())
Module: C:\WATCOM\lib286\plbxl.lib(ostinslo.cpp)
0000:5037      std::ostream __far & __far std::ostream::operator <<( long )
Module: C:\WATCOM\lib286\dos\clibl.lib(getchar.c)
0000:15a4      getchar_
Module: C:\WATCOM\lib286\dos\clibl.lib(cstart)
092b:0000*     __nullarea
092b:14da*     __ovlflag
092b:14db*     __intno
092b:14dc*     __ovlvec
0000:15e6      _cstart_
0000:1797      __exit_
0000:17b4      __do_exit_with_msg_
0000:1893      __GETDS
Module: C:\WATCOM\lib286\plbxl.lib(fsroot.cpp)
092b:1b08      ___wcpp_4_data_init_fs_root_
Module: C:\WATCOM\lib286\dos\clibl.lib(xmsg.c)
0000:189d      __exit_with_msg_
0000:18a2      __fatal_runtime_error_
Module: C:\WATCOM\lib286\dos\clibl.lib(crwdata)
092b:14e0      __curbrk
092b:14e8      __STACKLOW
092b:14ea      __STACKTOP
092b:14ec      __cbyte
092b:14ee      __child
092b:14f0      __no87
092b:14fd      ___FPE_handler
092b:14e2      __psp
092b:14f1      __get_ovl_stack
092b:14f5      __restore_ovl_stack
092b:14f9      __close_ovl_file
092b:1501      __LpCmdLine
092b:1505      __LpPgmName
092b:14e4      __osmajor
092b:14e5      __osminor
092b:14e6      __osmode
092b:14e7      __HShift
Module: C:\WATCOM\lib286\dos\clibl.lib(_snprint.c)
0000:18ee+     _vsnprintf_
0000:1953      _snprintf_
Module: C:\WATCOM\lib286\dos\clibl.lib(enterdb.c)
0000:1982      __EnterWVIDEO_
092b:150a      ___WD_Present
Module: C:\WATCOM\lib286\dos\clibl.lib(stack086.c)
0000:19a6      stackavail_
Module: C:\WATCOM\lib286\dos\clibl.lib(sprintf.c)
0000:19ba      sprintf_
Module: C:\WATCOM\lib286\dos\clibl.lib(rterrmsg.c)
0000:19e9      __rterr_msg_
Module: C:\WATCOM\lib286\dos\clibl.lib(abort.c)
0000:1a1c      abort_
0000:1a38+     __terminate_
092b:150c+     ___abort
Module: C:\WATCOM\lib286\dos\clibl.lib(dointr)
0000:1a48      _DoINTR_
Module: C:\WATCOM\lib286\dos\clibl.lib(segread.c)
0000:1dbd      segread_
Module: C:\WATCOM\lib286\plbxl.lib(stabdtor.cpp)
0000:5490      __wcpp_4_destruct_internal__
0000:54ae*     __wcpp_4_destruct_all__
0000:54b0*     __wcpp_4_destruct__
Module: C:\WATCOM\lib286\plbxl.lib(stabdisp.cpp)
0000:57a1      __wcpp_4_dispatchable__
Module: C:\WATCOM\lib286\dos\clibl.lib(ffree.c)
0000:1ddd*     _ffree_
0000:1ddd      free_
Module: C:\WATCOM\lib286\dos\clibl.lib(fmalloc.c)
0000:1e25*     _fmalloc_
0000:1e25      malloc_
092b:1510+     ___fheapbeg
092b:1512      ___fheapRover
092b:1514      ___LargestSizeB4Rover
Module: C:\WATCOM\lib286\plbxl.lib(undefed.cpp)
0000:581c      __wcpp_4_undefed_cdtor__
Module: C:\WATCOM\lib286\dos\clibl.lib(iobaddr.c)
0000:1f35      __get_std_stream_
0000:1f35*     __get_std_file_
Module: C:\WATCOM\lib286\plbxl.lib(sdfconfp.cpp)
0000:582c      __far stdiobuf::stdiobuf( __iobuf __far * )
Module: C:\WATCOM\lib286\plbxl.lib(stablcl.cpp)
0000:584a      __wcpp_4_lcl_register__
Module: C:\WATCOM\lib286\plbxl.lib(ostconsf.cpp)
0000:584f      __far std::ostream::ostream( std::streambuf __far * )
Module: C:\WATCOM\lib286\plbxl.lib(ostflush.cpp)
0000:5937      std::ostream __far & __far std::ostream::flush()
Module: C:\WATCOM\lib286\plbxl.lib(ostdestr.cpp)
0000:5988      __far std::ostream::~ostream()
Module: C:\WATCOM\lib286\plbxl.lib(sdfdestr.cpp)
0000:5a7a      __far stdiobuf::~stdiobuf()
Module: C:\WATCOM\lib286\plbxl.lib(moddtorr.cpp)
092b:1b26      ___wcpp_4_data_module_dtor_ref_
Module: C:\WATCOM\lib286\plbxl.lib(ostopfx.cpp)
0000:5b63      int __far std::ostream::do_opfx()
Module: C:\WATCOM\lib286\plbxl.lib(iouwrtit.cpp)
0000:5bd2      int __far __WATCOM_ios::writeitem( std::ostream __far &, char const __far *, int, int )
Module: C:\WATCOM\lib286\plbxl.lib(iossetst.cpp)
0000:5f95+     __far std::ios::failure::failure( std::ios::failure const __far & )
0000:5fa3+     __far std::ios::failure::~failure()
0000:5fa4+     __far __WATCOM_exception::__WATCOM_exception( __WATCOM_exception const __far & )
0000:5fa5+     __far __WATCOM_exception::~__WATCOM_exception()
0000:5f5c      void __far std::ios::setstate( int )
Module: C:\WATCOM\lib286\plbxl.lib(pure_err.cpp)
0000:5fa6      __wcpp_4_pure_error__
Module: C:\WATCOM\lib286\plbxl.lib(ostdlshf.cpp)
0000:5fca      std::ostream __far & __far std::ostream::do_lshift( char )
Module: C:\WATCOM\lib286\plbxl.lib(ioufgtba.cpp)
0000:6011      int __far __FlagsToBase( long )
Module: C:\WATCOM\lib286\dos\clibl.lib(ltoa.c)
0000:1f53      ultoa_
0000:1fc2      ltoa_
Module: C:\WATCOM\lib286\plbxl.lib(ostinulo.cpp)
0000:602f      std::ostream __far & __far std::ostream::operator <<( long unsigned )
Module: C:\WATCOM\lib286\dos\clibl.lib(iob.c)
092b:1516      ___iob
092b:1bd6      ___OpenStreams
092b:1bda      ___ClosedStreams
Module: C:\WATCOM\lib286\dos\clibl.lib(fgetc.c)
0000:1ff1+     __fill_buffer_
0000:20e6      fgetc_
Module: C:\WATCOM\lib286\dos\clibl.lib(cmain086.c)
0000:2190      __CMain
Module: C:\WATCOM\lib286\dos\clibl.lib(initrtns.c)
0000:21e2      __InitRtns
0000:21e2*     __FInitRtns
0000:2239      __FiniRtns
0000:2239*     __FFiniRtns
Module: C:\WATCOM\lib286\dos\clibl.lib(uselfn.c)
092b:167e      ___uselfn
Module: C:\WATCOM\lib286\dos\clibl.lib(dosseg)
0000:229a      __DOSseg__
Module: C:\WATCOM\lib286\dos\clibl.lib(prtf.c)
0000:2dec      __prtf_
Module: C:\WATCOM\lib286\dos\clibl.lib(vsprintf.c)
0000:308e      vsprintf_
Module: C:\WATCOM\lib286\dos\clibl.lib(fputs.c)
0000:30b9      fputs_
Module: C:\WATCOM\lib286\plbxl.lib(stabtrav.cpp)
0000:61a0      __wcpp_4_stab_entry__
0000:61b9*     __wcpp_4_stab_trav_comp__
0000:62d6      __wcpp_4_stab_trav_init__
0000:6304      __wcpp_4_stab_trav_next__
0000:637a      __wcpp_4_stab_trav_move__
Module: C:\WATCOM\lib286\plbxl.lib(callterm.cpp)
0000:6389      __wcpp_4_corrupted_stack__
0000:6395      __wcpp_4_call_terminate__
Module: C:\WATCOM\lib286\plbxl.lib(allocexc.cpp)
0000:63cd      __wcpp_4_alloc_exc__
0000:66af      __wcpp_4_free_exc__
0000:6718      __wcpp_4_find_active__
0000:6777      __wcpp_4_dtor_free_exc__
Module: C:\WATCOM\lib286\plbxl.lib(stabadt.cpp)
0000:687e+     void __far * __far dtor_the_array( _RTARCTOR __far * )
0000:68e0+     __far _RTARCTOR::~_RTARCTOR()
0000:68fb      __wcpp_4_dtor_array__
Module: C:\WATCOM\lib286\plbxl.lib(tsequiv.cpp)
0000:6992      __wcpp_4_ts_refed__
0000:69b0+     __wcpp_4_ts_pnted__
0000:69ca      __wcpp_4_ts_equiv__
Module: C:\WATCOM\lib286\dos\clibl.lib(nmalloc.c)
0000:3158      _nmalloc_
092b:1680      ___nheapbeg
092b:1682      ___MiniHeapRover
092b:1684      ___LargestSizeB4MiniHeapRover
Module: C:\WATCOM\lib286\dos\clibl.lib(mem.c)
0000:3230      __MemAllocator
0000:32f6      __MemFree
Module: C:\WATCOM\lib286\dos\clibl.lib(nfree.c)
0000:346d      _nfree_
092b:1bde+     ___MiniHeapFreeRover
Module: C:\WATCOM\lib286\dos\clibl.lib(growseg.c)
0000:356a      __GrowSeg_
Module: C:\WATCOM\lib286\dos\clibl.lib(allocseg.c)
0000:3639      __AllocSeg_
Module: C:\WATCOM\lib286\dos\clibl.lib(fmemneed.c)
0000:36d8      __fmemneed_
Module: C:\WATCOM\lib286\dos\clibl.lib(heapgrow.c)
0000:36db*     _heapgrow_
0000:36db*     _fheapgrow_
0000:36dc      _nheapgrow_
Module: C:\WATCOM\lib286\plbxl.lib(fatalerr.cpp)
0000:6b26      __wcpp_4_fatal_runtime_error__
Module: C:\WATCOM\lib286\plbxl.lib(stfdsgtn.cpp)
0000:6b43      int __far std::streambuf::do_sgetn( char __far *, int )
Module: C:\WATCOM\lib286\plbxl.lib(vfun_err.cpp)
0000:6be3      __wcpp_4_undef_vfun__
Module: C:\WATCOM\lib286\plbxl.lib(stfdspun.cpp)
0000:6c07      int __far std::streambuf::do_sputn( char const __far *, int )
Module: C:\WATCOM\lib286\plbxl.lib(stfpbfai.cpp)
0000:6cea      int __far std::streambuf::pbackfail( int )
Module: C:\WATCOM\lib286\plbxl.lib(sdfoverf.cpp)
0000:6cee      int __far stdiobuf::overflow( int )
Module: C:\WATCOM\lib286\plbxl.lib(sdfundrf.cpp)
0000:6ed0      int __far stdiobuf::underflow()
Module: C:\WATCOM\lib286\plbxl.lib(stfsbuf.cpp)
0000:7049      std::streambuf __far * __far std::streambuf::setbuf( char __far *, int )
Module: C:\WATCOM\lib286\plbxl.lib(stfseeko.cpp)
0000:70c0      long __far std::streambuf::seekoff( long, int, int )
Module: C:\WATCOM\lib286\plbxl.lib(stfseekp.cpp)
0000:70cc      long __far std::streambuf::seekpos( long, int )
Module: C:\WATCOM\lib286\plbxl.lib(sdfsync.cpp)
0000:70ed      int __far stdiobuf::sync()
Module: C:\WATCOM\lib286\plbxl.lib(stfdoall.cpp)
0000:7119      int __far std::streambuf::doallocate()
Module: C:\WATCOM\lib286\plbxl.lib(stfconde.cpp)
0000:7156      __far std::streambuf::streambuf()
Module: C:\WATCOM\lib286\plbxl.lib(stabmod.cpp)
0000:71c4      __wcpp_4_module_dtor__
0000:7216      __wcpp_4_mod_register__
Module: C:\WATCOM\lib286\plbxl.lib(iosinit.cpp)
0000:723a      void __far std::ios::init( std::streambuf __far * )
Module: C:\WATCOM\lib286\plbxl.lib(iosconde.cpp)
0000:7295      __far std::ios::ios()
Module: C:\WATCOM\lib286\plbxl.lib(iosdestr.cpp)
0000:72a6      __far std::ios::~ios()
Module: C:\WATCOM\lib286\plbxl.lib(stfsync.cpp)
0000:734e      int __far std::streambuf::sync()
Module: C:\WATCOM\lib286\plbxl.lib(dtorarst.cpp)
0000:7370      __wcpp_4_dtor_array_store__
Module: C:\WATCOM\lib286\plbxl.lib(opdelarr.cpp)
0000:7399      void __far operator delete []( void __far * )
Module: C:\WATCOM\lib286\plbxl.lib(stfdestr.cpp)
0000:739e      __far std::streambuf::~streambuf()
Module: C:\WATCOM\lib286\dos\clibl.lib(flush.c)
0000:3753      __flush_
Module: C:\WATCOM\lib286\plbxl.lib(opnewarr.cpp)
0000:73c8      void __far * __far operator new []( int unsigned )
Module: C:\WATCOM\lib286\plbxl.lib(iosfail.cpp)
0000:73cd      __far std::ios::failure::failure( int )
Module: C:\WATCOM\lib286\plbxl.lib(stabthrw.cpp)
0000:7c51+     __far std::exception::exception()
0000:7ca7+     __far std::exception::exception( std::exception const __far & )
0000:7d22+     __far std::exception::exception( char const __far * )
0000:7d7d+     __far std::exception::~exception()
0000:7e17+     char const __far * __far std::exception::what() const
0000:7e7b+     __far std::bad_exception::bad_exception()
0000:7eee+     __far std::bad_exception::bad_exception( std::bad_exception const __far & )
0000:7f4c+     __far std::bad_exception::~bad_exception()
0000:7ac5*     __wcpp_4_catch_done__
0000:7b56      __wcpp_4_throw__
0000:7bb2*     __wcpp_4_throw_zero__
0000:7bf2*     __wcpp_4_rethrow__
Module: C:\WATCOM\lib286\plbxl.lib(prwdata.cpp)
092b:1be0      __wint_pure_error_flag
092b:1be2      __wint_undef_vfun_flag
092b:1be4      __wint_module_init
Module: C:\WATCOM\lib286\dos\clibl.lib(alphabet.c)
0000:388b      ___Alphabet
Module: C:\WATCOM\lib286\plbxl.lib(ostadpre.cpp)
0000:800f      void __far __AddPrefix( char, char __far *, int __far &, int, long )
Module: C:\WATCOM\lib286\dos\clibl.lib(strupr.c)
0000:38b0      strupr_
Module: C:\WATCOM\lib286\dos\clibl.lib(initfile.c)
0000:38d2      __InitFiles_
Module: C:\WATCOM\lib286\dos\clibl.lib(ioexit.c)
0000:3a2d*     fcloseall_
0000:3a34      __full_io_exit_
Module: C:\WATCOM\lib286\dos\clibl.lib(flushall.c)
0000:3a3e      __flushall_
0000:3a9b*     flushall_
Module: C:\WATCOM\lib286\dos\clibl.lib(gtche.c)
0000:3aa0      getche_
Module: C:\WATCOM\lib286\dos\clibl.lib(ioalloc.c)
0000:3aba      __ioalloc_
Module: C:\WATCOM\lib286\dos\clibl.lib(qread.c)
0000:3b54      __qread_
Module: C:\WATCOM\lib286\dos\clibl.lib(errno.c)
0000:3b74      __get_errno_ptr_
092b:1be8+     _errno
Module: C:\WATCOM\lib286\dos\clibl.lib(___argc.c)
092b:1bea      ____Argv
092b:1bee      ____Argc
Module: C:\WATCOM\lib286\dos\clibl.lib(exit.c)
0000:3b7b+     __null_int23_exit_
0000:3b7c      exit_
0000:3bab*     _exit_
092b:1686+     ___int23_exit
092b:168a+     ___FPE_handler_exit
Module: C:\WATCOM\lib286\dos\clibl.lib(sgdef086)
092b:1afc      __Start_XI
092b:1b26      __End_XI
092b:1b26      __Start_YI
092b:1b32      __End_YI
Module: C:\WATCOM\lib286\dos\clibl.lib(wctomb.c)
0000:3bc4      wctomb_
Module: C:\WATCOM\lib286\dos\clibl.lib(itoa.c)
0000:3bed+     utoa_
0000:3c4a      itoa_
Module: C:\WATCOM\lib286\dos\clibl.lib(i4m.asm)
0000:3c6e*     __I4M
0000:3c6e      __U4M
Module: C:\WATCOM\lib286\dos\clibl.lib(noefgfmt.c)
092b:168e      ___EFG_printf
092b:1692*     ___EFG_scanf
Module: C:\WATCOM\lib286\dos\clibl.lib(mbisdbcs.c)
092b:1696      ___IsDBCS
Module: C:\WATCOM\lib286\dos\clibl.lib(mbislead.c)
0000:3c96*     _ismbblead_
092b:1bf0      ___MBCSIsTable
Module: C:\WATCOM\lib286\dos\clibl.lib(lltoa.c)
0000:3cb2      ulltoa_
0000:3d96*     lltoa_
Module: C:\WATCOM\lib286\dos\clibl.lib(fputc.c)
0000:3df8      fputc_
Module: C:\WATCOM\lib286\plbxl.lib(bittest.cpp)
0000:807b      __wcpp_4_bit_test__
0000:809e      __wcpp_4_bit_off__
Module: C:\WATCOM\lib286\plbxl.lib(termnate.cpp)
0000:80bf      void __far std::terminate()
Module: C:\WATCOM\lib286\plbxl.lib(exc_pr.cpp)
0000:8108      __far _EXC_PR::_EXC_PR( _RTCTL __far *, RW_DTREG __far *, EXCSTATE )
0000:8181      __far _EXC_PR::~_EXC_PR()
0000:81a0      __far _EXC_PR_FREE::_EXC_PR_FREE( _RTCTL __far *, RW_DTREG __far *, EXCSTATE, ACTIVE_EXC __far * )
0000:81ce      __far _EXC_PR_FREE::~_EXC_PR_FREE()
0000:820f      __far _EXC_PR_DTOR::_EXC_PR_DTOR( _RTCTL __far *, RW_DTREG __far *, EXCSTATE, ACTIVE_EXC __far * )
0000:822e      __far _EXC_PR_FNEXC::_EXC_PR_FNEXC( _RTCTL __far *, RW_DTREG __far *, RW_DTREG __far *, ACTIVE_EXC __far * )
0000:827c      __far _EXC_PR_FNEXC::~_EXC_PR_FNEXC()
0000:827f      __far _EXC_PR_DTOR::~_EXC_PR_DTOR()
Module: C:\WATCOM\lib286\plbxl.lib(areaexc.cpp)
092b:16b0      ___EXC_AREA
Module: C:\WATCOM\lib286\plbxl.lib(tssize.cpp)
0000:82c5      __wcpp_4_ts_size__
Module: C:\WATCOM\lib286\dos\clibl.lib(nmemneed.c)
0000:3ecd      __nmemneed_
Module: C:\WATCOM\lib286\dos\clibl.lib(grownear.c)
0000:3f4f      __LastFree_
0000:3fc7      __ExpandDGROUP_
Module: C:\WATCOM\lib286\dos\clibl.lib(heapen.c)
0000:40cc*     _heapenable_
092b:1ab0      ___heap_enabled
Module: C:\WATCOM\lib286\dos\clibl.lib(amblksiz.c)
092b:1ab2      __amblksiz
Module: C:\WATCOM\lib286\dos\clibl.lib(fwrite.c)
0000:40dd      fwrite_
Module: C:\WATCOM\lib286\dos\clibl.lib(memmove.c)
0000:42db      memmove_
Module: C:\WATCOM\lib286\plbxl.lib(stfsetb.cpp)
0000:8300      void __far std::streambuf::setb( char __far *, char __far *, int )
Module: C:\WATCOM\lib286\dos\clibl.lib(liballoc.c)
0000:4351      _plib_malloc_
0000:4356      _plib_free_
Module: C:\WATCOM\lib286\plbxl.lib(ioufrxal.cpp)
0000:8383      void __far __WATCOM_ios::free_xalloc_storage( std::ios __far * )
Module: C:\WATCOM\lib286\dos\clibl.lib(__lseek.c)
0000:435b      __lseek_
Module: C:\WATCOM\lib286\dos\clibl.lib(qwrit.c)
0000:4395      __qwrite_
Module: C:\WATCOM\lib286\dos\clibl.lib(fsync.c)
0000:43f7      fsync_
Module: C:\WATCOM\lib286\plbxl.lib(unexpect.cpp)
0000:83b0      void __far std::unexpected()
Module: C:\WATCOM\lib286\dos\clibl.lib(stjmp086.asm)
0000:43fc*     _setjmp_
0000:4451      longjmp_
Module: C:\WATCOM\lib286\plbxl.lib(stabinit.cpp)
0000:843d      __wcpp_4_exc_setup__
Module: C:\WATCOM\lib286\plbxl.lib(ljmpinit.cpp)
092b:1b20      ___wcpp_4_data_init_longjmp_
Module: C:\WATCOM\lib286\dos\clibl.lib(fclose.c)
0000:44ae+     __doclose_
0000:4572      __shutdown_stream_
0000:458c*     fclose_
092b:1cf2+     ___RmTmpFileFn
Module: C:\WATCOM\lib286\dos\clibl.lib(freefp.c)
0000:45d7      __freefp_
0000:464c      __purgefp_
Module: C:\WATCOM\lib286\dos\clibl.lib(chktty.c)
0000:4688      __chktty_
Module: C:\WATCOM\lib286\dos\clibl.lib(dosret.c)
0000:46b3*     __dosretax
0000:46b8*     __dosret0
0000:46bf      __set_errno_dos_
0000:474b*     __set_errno_dos_reterr_
Module: C:\WATCOM\lib286\dos\clibl.lib(mbinit.c)
0000:47bb      __mbinit_
092b:1ac8+     ___MBCodePage
Module: C:\WATCOM\lib286\dos\clibl.lib(sbrk.c)
0000:4830      __brk_
0000:4895*     sbrk_
Module: C:\WATCOM\lib286\dos\clibl.lib(iomode.c)
0000:48a5      __GetIOMode_
0000:48ca      __SetIOMode_nogrow_
092b:1aca+     ___NFiles
092b:1acc+     ___init_mode
092b:1af4+     ___io_mode
Module: C:\WATCOM\lib286\dos\clibl.lib(filedos.c)
0000:48ed*     _dos_close_
0000:48fb      _dos_commit_
Module: C:\WATCOM\lib286\dos\clibl.lib(ljmphdl.c)
092b:1af8      ___longjmp_handler
Module: C:\WATCOM\lib286\plbxl.lib(ljmpdtor.cpp)
0000:860d      __wcpp_4_lj_handler__
Module: C:\WATCOM\lib286\dos\clibl.lib(_clse.c)
0000:490b      __close_
Module: C:\WATCOM\lib286\dos\clibl.lib(isatt.c)
0000:4943      isatty_
Module: C:\WATCOM\lib286\dos\clibl.lib(doserrno.c)
0000:495f      __get_doserrno_ptr_
092b:1cf6+     __doserrno
Module: C:\WATCOM\lib286\dos\clibl.lib(getltdos.c)
0000:4966      dos_get_dbcs_lead_table_
Module: C:\WATCOM\lib286\dos\clibl.lib(getcpdos.c)
0000:498f      dos_get_code_page_
Module: C:\WATCOM\lib286\dos\clibl.lib(error086.asm)
0000:49a0      __doserror_
0000:49ae*     __doserror1_


                        +--------------------+
                        |   Libraries Used   |
                        +--------------------+

C:\WATCOM\lib286\plbxl.lib
C:\WATCOM\lib286\dos\clibl.lib


                        +-----------------------+
                        |   Linker Statistics   |
                        +-----------------------+

Stack size:  0800 (2048.)
Memory size:  b7b0 (47024.)
Entry point address: 0000:15e6
Link time: 00:00.54
