Open Watcom Linker Version 2.0 beta Nov  1 2017 20:56:49 (64-bit)
Copyright (c) 2002-2017 The Open Watcom Contributors. All Rights Reserved.
Portions Copyright (c) 1985-2002 Sybase, Inc. All Rights Reserved.
Created on:       21/06/20 22:12:12
Executable Image: test.exe
creating a DOS executable


                        +------------+
                        |   Groups   |
                        +------------+

Group                           Address              Size
=====                           =======              ====

DGROUP                          094f:0000            00002500



                        +--------------+
                        |   Segments   |
                        +--------------+

Segment                Class          Group          Address         Size
=======                =====          =====          =======         ====

direct_mode6_TEXT      CODE           AUTO           0000:0000       00000458
direct_system_TEXT     CODE           AUTO           0000:0458       0000056c
main_TEXT              CODE           AUTO           0000:09c4       000006b7
_TEXT                  CODE           AUTO           0000:1080       0000370c
cppdata_TEXT           CODE           AUTO           0000:4790       00000000
fsregist_TEXT          CODE           AUTO           0000:4790       000003a9
opdel_TEXT             CODE           AUTO           0000:4b40       0000000e
opnew_TEXT             CODE           AUTO           0000:4b50       0000007a
ioicout_TEXT           CODE           AUTO           0000:4bd0       000000a5
ostincch_TEXT          CODE           AUTO           0000:4c80       000000b9
ostincha_TEXT          CODE           AUTO           0000:4d40       00000109
manhex_TEXT            CODE           AUTO           0000:4e50       0000000f
mandec_TEXT            CODE           AUTO           0000:4e60       0000000f
ostiniom_TEXT          CODE           AUTO           0000:4e70       00000028
ostinslo_TEXT          CODE           AUTO           0000:4ea0       00000133
fsroot_TEXT            CODE           AUTO           0000:4fe0       0000000b
stabdtor_TEXT          CODE           AUTO           0000:4ff0       000003b1
stabdisp_TEXT          CODE           AUTO           0000:53b0       0000036e
undefed_TEXT           CODE           AUTO           0000:5720       00000010
sdfconfp_TEXT          CODE           AUTO           0000:5730       0000001e
stablcl_TEXT           CODE           AUTO           0000:5750       00000005
ostconsf_TEXT          CODE           AUTO           0000:5760       00000105
ostflush_TEXT          CODE           AUTO           0000:5870       00000058
ostdestr_TEXT          CODE           AUTO           0000:58d0       000000f4
sdfdestr_TEXT          CODE           AUTO           0000:59d0       000000f5
moddtorr_TEXT          CODE           AUTO           0000:5ad0       00000000
ostopfx_TEXT           CODE           AUTO           0000:5ad0       00000071
iouwrtit_TEXT          CODE           AUTO           0000:5b50       00000390
iossetst_TEXT          CODE           AUTO           0000:5ee0       00000071
pure_err_TEXT          CODE           AUTO           0000:5f60       00000024
ostdlshf_TEXT          CODE           AUTO           0000:5f90       00000047
ioufgtba_TEXT          CODE           AUTO           0000:5fe0       0000001e
ostinulo_TEXT          CODE           AUTO           0000:6000       0000017a
stabtrav_TEXT          CODE           AUTO           0000:6180       000001f1
callterm_TEXT          CODE           AUTO           0000:6380       00000032
allocexc_TEXT          CODE           AUTO           0000:63c0       000004e5
stabadt_TEXT           CODE           AUTO           0000:68b0       00000127
tsequiv_TEXT           CODE           AUTO           0000:69e0       000001d4
fatalerr_TEXT          CODE           AUTO           0000:6bc0       0000001d
stfdsgtn_TEXT          CODE           AUTO           0000:6be0       0000009d
vfun_err_TEXT          CODE           AUTO           0000:6c80       00000024
stfdspun_TEXT          CODE           AUTO           0000:6cb0       000000e5
stfpbfai_TEXT          CODE           AUTO           0000:6da0       00000004
sdfoverf_TEXT          CODE           AUTO           0000:6db0       000001e9
sdfundrf_TEXT          CODE           AUTO           0000:6fa0       0000018c
stfsbuf_TEXT           CODE           AUTO           0000:7130       00000081
stfseeko_TEXT          CODE           AUTO           0000:71c0       0000000c
stfseekp_TEXT          CODE           AUTO           0000:71d0       00000021
sdfsync_TEXT           CODE           AUTO           0000:7200       0000002e
stfdoall_TEXT          CODE           AUTO           0000:7230       00000040
stfconde_TEXT          CODE           AUTO           0000:7270       0000006e
stabmod_TEXT           CODE           AUTO           0000:72e0       0000007a
iosinit_TEXT           CODE           AUTO           0000:7360       00000061
iosconde_TEXT          CODE           AUTO           0000:73d0       00000011
iosdestr_TEXT          CODE           AUTO           0000:73f0       000000b2
stfsync_TEXT           CODE           AUTO           0000:74b0       00000022
dtorarst_TEXT          CODE           AUTO           0000:74e0       0000002f
opdelarr_TEXT          CODE           AUTO           0000:7510       00000005
stfdestr_TEXT          CODE           AUTO           0000:7520       0000002e
opnewarr_TEXT          CODE           AUTO           0000:7550       00000005
iosfail_TEXT           CODE           AUTO           0000:7560       00000009
stabthrw_TEXT          CODE           AUTO           0000:7570       00000ce5
prwdata_TEXT           CODE           AUTO           0000:8260       00000000
ostadpre_TEXT          CODE           AUTO           0000:8260       00000071
bittest_TEXT           CODE           AUTO           0000:82e0       00000047
termnate_TEXT          CODE           AUTO           0000:8330       00000049
exc_pr_TEXT            CODE           AUTO           0000:8380       000001bd
areaexc_TEXT           CODE           AUTO           0000:8540       00000000
tssize_TEXT            CODE           AUTO           0000:8540       0000004d
stfsetb_TEXT           CODE           AUTO           0000:8590       00000085
ioufrxal_TEXT          CODE           AUTO           0000:8620       00000033
unexpect_TEXT          CODE           AUTO           0000:8660       0000008d
stabinit_TEXT          CODE           AUTO           0000:86f0       00000111
ljmpinit_TEXT          CODE           AUTO           0000:8810       00000016
ljmpdtor_TEXT          CODE           AUTO           0000:8830       000000af
direct_mode6_DATA1     FAR_CONST      AUTO           088d:000f       00000236
direct_system_DATA1    FAR_CONST      AUTO           08b2:0000       00000028
main_DATA1             FAR_CONST      AUTO           08b2:0030       00000028
main_DATA2             FAR_CONST      AUTO           08b7:0008       00000086
cppdata_DATA1          FAR_CONST      AUTO           08c0:0000       00000000
fsregist_DATA1         FAR_CONST      AUTO           08c0:0000       00000000
opdel_DATA1            FAR_CONST      AUTO           08c0:0000       00000000
opnew_DATA1            FAR_CONST      AUTO           08c0:0000       00000000
ioicout_DATA1          FAR_CONST      AUTO           08c0:0000       00000076
ostincch_DATA1         FAR_CONST      AUTO           08c7:0006       00000000
ostincha_DATA1         FAR_CONST      AUTO           08c7:0006       00000000
manhex_DATA1           FAR_CONST      AUTO           08c7:0006       00000000
mandec_DATA1           FAR_CONST      AUTO           08c7:0006       00000000
ostiniom_DATA1         FAR_CONST      AUTO           08c7:0006       00000000
ostinslo_DATA1         FAR_CONST      AUTO           08c7:0006       00000000
fsroot_DATA1           FAR_CONST      AUTO           08c8:0000       00000000
stabdtor_DATA1         FAR_CONST      AUTO           08c8:0000       00000000
stabdisp_DATA1         FAR_CONST      AUTO           08c8:0000       00000000
undefed_DATA1          FAR_CONST      AUTO           08c8:0000       00000000
undefed_DATA1          FAR_CONST      AUTO           08c8:0000       0000002c
sdfconfp_DATA1         FAR_CONST      AUTO           08ca:000c       00000044
stablcl_DATA1          FAR_CONST      AUTO           08cf:0000       00000000
ostconsf_DATA1         FAR_CONST      AUTO           08cf:0000       00000040
ostflush_DATA1         FAR_CONST      AUTO           08cf:0040       00000000
ostdestr_DATA1         FAR_CONST      AUTO           08d3:0000       00000034
sdfdestr_DATA1         FAR_CONST      AUTO           08d3:0040       0000002c
moddtorr_DATA1         FAR_CONST      AUTO           08d3:0070       00000000
ostopfx_DATA1          FAR_CONST      AUTO           08da:0000       00000000
iouwrtit_DATA1         FAR_CONST      AUTO           08da:0000       00000000
iossetst_DATA1         FAR_CONST      AUTO           08da:0000       00000056
pure_err_DATA1         FAR_CONST      AUTO           08da:0060       00000000
pure_err_DATA1         FAR_CONST      AUTO           08e0:0000       0000001e
ostdlshf_DATA1         FAR_CONST      AUTO           08e1:000e       00000000
ioufgtba_DATA1         FAR_CONST      AUTO           08e1:000e       00000000
ostinulo_DATA1         FAR_CONST      AUTO           08e1:000e       00000000
stabtrav_DATA1         FAR_CONST      AUTO           08e2:0000       00000000
callterm_DATA1         FAR_CONST      AUTO           08e2:0000       00000000
callterm_DATA1         FAR_CONST      AUTO           08e2:0000       0000001f
allocexc_DATA1         FAR_CONST      AUTO           08e4:0000       00000046
allocexc_DATA1         FAR_CONST      AUTO           08e8:0006       0000002b
stabadt_DATA1          FAR_CONST      AUTO           08ec:0000       00000026
tsequiv_DATA1          FAR_CONST      AUTO           08ec:0030       00000000
fatalerr_DATA1         FAR_CONST      AUTO           08ec:0030       00000000
stfdsgtn_DATA1         FAR_CONST      AUTO           08ef:0000       00000000
vfun_err_DATA1         FAR_CONST      AUTO           08ef:0000       00000000
vfun_err_DATA1         FAR_CONST      AUTO           08ef:0000       00000032
stfdspun_DATA1         FAR_CONST      AUTO           08f2:0002       00000000
stfpbfai_DATA1         FAR_CONST      AUTO           08f2:0002       00000000
sdfoverf_DATA1         FAR_CONST      AUTO           08f2:0002       00000000
sdfundrf_DATA1         FAR_CONST      AUTO           08f2:0002       00000000
stfsbuf_DATA1          FAR_CONST      AUTO           08f2:0002       00000000
stfseeko_DATA1         FAR_CONST      AUTO           08f2:0002       00000000
stfseekp_DATA1         FAR_CONST      AUTO           08f2:0002       00000000
sdfsync_DATA1          FAR_CONST      AUTO           08f2:0002       00000000
stfdoall_DATA1         FAR_CONST      AUTO           08f2:0002       00000000
stfconde_DATA1         FAR_CONST      AUTO           08f2:0002       0000003a
stabmod_DATA1          FAR_CONST      AUTO           08f6:0000       00000000
iosinit_DATA1          FAR_CONST      AUTO           08f6:0000       00000000
iosconde_DATA1         FAR_CONST      AUTO           08f6:0000       00000012
iosdestr_DATA1         FAR_CONST      AUTO           08f8:0000       00000036
stfsync_DATA1          FAR_CONST      AUTO           08fb:0006       00000000
dtorarst_DATA1         FAR_CONST      AUTO           08fc:0000       00000000
opdelarr_DATA1         FAR_CONST      AUTO           08fc:0000       00000000
stfdestr_DATA1         FAR_CONST      AUTO           08fc:0000       00000000
opnewarr_DATA1         FAR_CONST      AUTO           08fc:0000       00000000
iosfail_DATA1          FAR_CONST      AUTO           08fc:0000       00000000
stabthrw_DATA1         FAR_CONST      AUTO           08fc:0000       000001da
stabthrw_DATA1         FAR_CONST      AUTO           0919:000a       000001a4
ostadpre_DATA1         FAR_CONST      AUTO           0933:000e       00000000
bittest_DATA1          FAR_CONST      AUTO           0934:0000       00000000
termnate_DATA1         FAR_CONST      AUTO           0934:0000       00000000
termnate_DATA1         FAR_CONST      AUTO           0934:0000       00000022
exc_pr_DATA1           FAR_CONST      AUTO           0937:0000       00000000
areaexc_DATA1          FAR_CONST      AUTO           0937:0000       00000000
tssize_DATA1           FAR_CONST      AUTO           0937:0000       00000000
stfsetb_DATA1          FAR_CONST      AUTO           0937:0000       00000000
ioufrxal_DATA1         FAR_CONST      AUTO           0937:0000       00000000
unexpect_DATA1         FAR_CONST      AUTO           0937:0000       0000000a
unexpect_DATA1         FAR_CONST      AUTO           0937:000a       00000023
stabinit_DATA1         FAR_CONST      AUTO           093a:0000       00000000
ljmpinit_DATA1         FAR_CONST      AUTO           093a:0000       00000000
ljmpdtor_DATA1         FAR_CONST      AUTO           093a:0000       00000000
ioicout_DATA1          FAR_DATA       AUTO           093a:0000       00000063
FAR_DATA               FAR_DATA       AUTO           093a:0063       00000000
sdfconfp_DATA1         FAR_DATA       AUTO           093a:0063       00000016
ostconsf_DATA1         FAR_DATA       AUTO           093a:0079       00000010
ostdestr_DATA1         FAR_DATA       AUTO           093a:0089       00000000
sdfdestr_DATA1         FAR_DATA       AUTO           093a:0089       00000000
iossetst_DATA1         FAR_DATA       AUTO           093a:0089       00000033
allocexc_DATA2         FAR_DATA       AUTO           093a:00bc       00000014
stabadt_DATA1          FAR_DATA       AUTO           093a:00d0       00000011
stfconde_DATA1         FAR_DATA       AUTO           093a:00e1       00000000
iosconde_DATA1         FAR_DATA       AUTO           093a:00e1       00000000
iosdestr_DATA1         FAR_DATA       AUTO           093a:00e1       00000000
stfdestr_DATA1         FAR_DATA       AUTO           093a:00e1       00000000
stabthrw_DATA2         FAR_DATA       AUTO           093a:00e1       00000068
unexpect_DATA2         FAR_DATA       AUTO           093a:0149       00000000
_NULL                  BEGDATA        DGROUP         094f:0000       00000020
_AFTERNULL             BEGDATA        DGROUP         0951:0000       00000002
CONST                  DATA           DGROUP         0951:0002       000000b6
CONST2                 DATA           DGROUP         095c:0008       00000002
_DATA                  DATA           DGROUP         095d:0000       00001a1c
XIB                    DATA           DGROUP         0afe:000c       00000000
XI                     DATA           DGROUP         0afe:000c       0000002a
XIE                    DATA           DGROUP         0b01:0006       00000000
YIB                    DATA           DGROUP         0b01:0006       00000000
YI                     DATA           DGROUP         0b01:0006       0000000c
YIE                    DATA           DGROUP         0b02:0002       00000000
STRINGS                DATA           DGROUP         0b02:0002       00000000
DATA                   DATA           DGROUP         0b02:0002       00000000
_BSS                   BSS            DGROUP         0b03:0000       000001b8
STACK                  STACK          DGROUP         0b1f:0000       00000800


                        +----------------+
                        |   Memory Map   |
                        +----------------+

* = unreferenced symbol
+ = symbol only referenced locally

Address        Symbol
=======        ======

Module: direct_mode6.obj(C:\Users\ifkno\DOSBOX\DOS16\CODE\direct_mode6.cpp)
0000:0000      void __far mode6::plot( short unsigned, short unsigned )
0000:00b0+     void __far mode6::xor_plot( short unsigned, short unsigned )
0000:0160      void __far mode6::vline( short unsigned, short unsigned, short unsigned )
0000:026e+     void __far mode6::xor_vline( short unsigned, short unsigned, short unsigned )
0000:0358      void __far mode6::hline( short unsigned, short unsigned, short unsigned )
Module: direct_system.obj(C:\Users\ifkno\DOSBOX\DOS16\CODE\direct_system.cpp)
0000:0688      __far std::allocator<char __far >::~allocator()
0000:06c1      __far std::basic_string<char __far,std::char_traits<char __far > __far,std::allocator<char __far > __far >::basic_string( std::basic_string<char __far,std::char_traits<char __far > __far,std::allocator<char __far > __far > const __far & )
0000:082e      __far std::basic_string<char __far,std::char_traits<char __far > __far,std::allocator<char __far > __far >::~basic_string()
0000:092f      char __far * __far std::basic_string<char __far,std::char_traits<char __far > __far,std::allocator<char __far > __far >::alloc( int unsigned, int unsigned __far & )
0000:0458      bool __far system::detect_8087()
0000:04aa      bool __far system::detect_crtc()
0000:050a      dos::video_adapter_t __far system::get_video_adapter_type()
0000:05c9      void __far system::set_video_mode( dos::video_mode_t )
0000:0612      dos::video_state_t __far system::get_video_state()
094f:00d8      int unsigned const __far std::basic_string<char __far,std::char_traits<char __far > __far,std::allocator<char __far > __far >::npos
Module: main.obj(C:\Users\ifkno\DOSBOX\DOS16\CODE\main.cpp)
0000:09c4+     void __far box( short unsigned, short unsigned, short unsigned )
0000:0a35+     void __far slo_vline( short unsigned, short unsigned, short unsigned )
0000:0a82+     void __far slo_hline( short unsigned, short unsigned, short unsigned )
0000:0acf+     void __far slo_box( short unsigned, short unsigned, short unsigned )
0000:0b3c      main_
Module: C:\WATCOM\lib286\dos\clibl.lib(stk086.asm)
0000:1085      __STK
0000:10a5*     __STKOVERFLOW_
Module: C:\WATCOM\lib286\dos\clibl.lib(assert99.c)
0000:10c2      _assert99_
0000:125f*     __assert99_
Module: C:\WATCOM\lib286\dos\clibl.lib(cmodel.asm)
0000:1294      _big_code_
0000:1294*     CodeModelMismatch
Module: C:\WATCOM\lib286\plbxl.lib(cppdata.cpp)
094f:1b40      __wint_thread_data
094f:1b64      __compiled_under_generic
Module: C:\WATCOM\lib286\dos\clibl.lib(intx086.c)
0000:1294+     int86x_
0000:132d      int86_
Module: C:\WATCOM\lib286\plbxl.lib(fsregist.cpp)
0000:4790+     __wcpp_4_dispatch_dummy__
0000:47ca      __wcpp_4_fs_lookup__
0000:48e0      __wcpp_4_fs_handler_rtn__
0000:4a64      __wcpp_4_unwind_global__
0000:4ae4      __wcpp_4_raise_exception__
Module: C:\WATCOM\lib286\dos\clibl.lib(memcpy.c)
0000:135a      memcpy_
Module: C:\WATCOM\lib286\plbxl.lib(opdel.cpp)
0000:4b40      void __far operator delete( void __far * )
Module: C:\WATCOM\lib286\plbxl.lib(opnew.cpp)
0000:4b50      void __far * __far operator new( int unsigned )
Module: C:\WATCOM\lib286\plbxl.lib(ioicout.cpp)
094f:1ba8      std::ostream __near std::cout
0000:4c2e+     __far cout_initfini::cout_initfini()
0000:4c3c+     __far cout_initfini::~cout_initfini()
Module: C:\WATCOM\lib286\plbxl.lib(ostincch.cpp)
0000:4c80      std::ostream __far & __far std::ostream::operator <<( char const __far * )
Module: C:\WATCOM\lib286\plbxl.lib(ostincha.cpp)
0000:4d40      std::ostream __far & __far std::ostream::operator <<( char )
Module: C:\WATCOM\lib286\plbxl.lib(manhex.cpp)
0000:4e50      std::ios __far & __far std::hex( std::ios __far & )
Module: C:\WATCOM\lib286\plbxl.lib(mandec.cpp)
0000:4e60      std::ios __far & __far std::dec( std::ios __far & )
Module: C:\WATCOM\lib286\plbxl.lib(ostiniom.cpp)
0000:4e70      std::ostream __far & __far std::ostream::operator <<( std::ios __far & (__far *)())
Module: C:\WATCOM\lib286\plbxl.lib(ostinslo.cpp)
0000:4ea0      std::ostream __far & __far std::ostream::operator <<( long )
Module: C:\WATCOM\lib286\dos\clibl.lib(getchar.c)
0000:137c      getchar_
Module: C:\WATCOM\lib286\dos\clibl.lib(cstart)
094f:0000*     __nullarea
094f:14da*     __ovlflag
094f:14db*     __intno
094f:14dc*     __ovlvec
0000:13be      _cstart_
0000:1491*     _Not_Enough_Memory_
0000:15c3      __exit_
0000:15e0      __do_exit_with_msg__
0000:1639      __GETDS
Module: C:\WATCOM\lib286\plbxl.lib(fsroot.cpp)
094f:1b08      ___wcpp_4_data_init_fs_root_
Module: C:\WATCOM\lib286\dos\clibl.lib(xmsg.c)
0000:1643      __exit_with_msg_
0000:1648      __fatal_runtime_error_
Module: C:\WATCOM\lib286\dos\clibl.lib(crwdata)
094f:14e0      __curbrk
094f:14e8      __STACKLOW
094f:14ea      __STACKTOP
094f:14ec      __cbyte
094f:14ee      __child
094f:14f0      __no87
094f:14fd      ___FPE_handler
094f:14e2      __psp
094f:14f1      __get_ovl_stack
094f:14f5      __restore_ovl_stack
094f:14f9      __close_ovl_file
094f:1501      __LpCmdLine
094f:1505      __LpPgmName
094f:14e4      __osmajor
094f:14e5      __osminor
094f:14e6      __osmode
094f:14e7      __HShift
Module: C:\WATCOM\lib286\dos\clibl.lib(_snprint.c)
0000:1694+     _vsnprintf_
0000:16f9      _snprintf_
Module: C:\WATCOM\lib286\dos\clibl.lib(enterdb.c)
0000:1728      __EnterWVIDEO_
094f:150a      ___WD_Present
Module: C:\WATCOM\lib286\dos\clibl.lib(stack086.c)
0000:174c      stackavail_
Module: C:\WATCOM\lib286\dos\clibl.lib(sprintf.c)
0000:175a      sprintf_
Module: C:\WATCOM\lib286\dos\clibl.lib(rterrmsg.c)
0000:1789      __rterr_msg_
Module: C:\WATCOM\lib286\dos\clibl.lib(abort.c)
0000:17bc      abort_
0000:17d8+     __terminate_
094f:150c+     ___abort
Module: C:\WATCOM\lib286\dos\clibl.lib(intr.c)
0000:17e8      intr_
Module: C:\WATCOM\lib286\dos\clibl.lib(segread.c)
0000:17fc      segread_
Module: C:\WATCOM\lib286\plbxl.lib(stabdtor.cpp)
0000:5354      __wcpp_4_destruct_internal__
0000:5372*     __wcpp_4_destruct_all__
0000:5374*     __wcpp_4_destruct__
Module: C:\WATCOM\lib286\plbxl.lib(stabdisp.cpp)
0000:569c      __wcpp_4_dispatchable__
Module: C:\WATCOM\lib286\dos\clibl.lib(ffree.c)
0000:181c*     _ffree_
0000:181c      free_
Module: C:\WATCOM\lib286\dos\clibl.lib(fmalloc.c)
0000:1864*     _fmalloc_
0000:1864      malloc_
094f:1510+     ___fheapbeg
094f:1512      ___fheapRover
094f:1514      ___LargestSizeB4Rover
Module: C:\WATCOM\lib286\plbxl.lib(undefed.cpp)
0000:5720      __wcpp_4_undefed_cdtor__
Module: C:\WATCOM\lib286\dos\clibl.lib(iobaddr.c)
0000:1974      __get_std_stream_
0000:1974*     __get_std_file_
Module: C:\WATCOM\lib286\plbxl.lib(sdfconfp.cpp)
0000:5730      __far stdiobuf::stdiobuf( __iobuf __far * )
Module: C:\WATCOM\lib286\plbxl.lib(stablcl.cpp)
0000:5750      __wcpp_4_lcl_register__
Module: C:\WATCOM\lib286\plbxl.lib(ostconsf.cpp)
0000:5760      __far std::ostream::ostream( std::streambuf __far * )
Module: C:\WATCOM\lib286\plbxl.lib(ostflush.cpp)
0000:5870      std::ostream __far & __far std::ostream::flush()
Module: C:\WATCOM\lib286\plbxl.lib(ostdestr.cpp)
0000:58d0      __far std::ostream::~ostream()
Module: C:\WATCOM\lib286\plbxl.lib(sdfdestr.cpp)
0000:59d0      __far stdiobuf::~stdiobuf()
Module: C:\WATCOM\lib286\plbxl.lib(moddtorr.cpp)
094f:1b26      ___wcpp_4_data_module_dtor_ref_
Module: C:\WATCOM\lib286\plbxl.lib(ostopfx.cpp)
0000:5ad0      int __far std::ostream::do_opfx()
Module: C:\WATCOM\lib286\plbxl.lib(iouwrtit.cpp)
0000:5b50      int __far __WATCOM_ios::writeitem( std::ostream __far &, char const __far *, int, int )
Module: C:\WATCOM\lib286\plbxl.lib(iossetst.cpp)
0000:5f20+     __far std::ios::failure::failure( std::ios::failure const __far & )
0000:5f30+     __far std::ios::failure::~failure()
0000:5f40+     __far __WATCOM_exception::__WATCOM_exception( __WATCOM_exception const __far & )
0000:5f50+     __far __WATCOM_exception::~__WATCOM_exception()
0000:5ee0      void __far std::ios::setstate( int )
Module: C:\WATCOM\lib286\plbxl.lib(pure_err.cpp)
0000:5f60      __wcpp_4_pure_error__
Module: C:\WATCOM\lib286\plbxl.lib(ostdlshf.cpp)
0000:5f90      std::ostream __far & __far std::ostream::do_lshift( char )
Module: C:\WATCOM\lib286\plbxl.lib(ioufgtba.cpp)
0000:5fe0      int __far __FlagsToBase( long )
Module: C:\WATCOM\lib286\dos\clibl.lib(ltoa.c)
0000:1992      ultoa_
0000:1a01      ltoa_
Module: C:\WATCOM\lib286\plbxl.lib(ostinulo.cpp)
0000:6000      std::ostream __far & __far std::ostream::operator <<( long unsigned )
Module: C:\WATCOM\lib286\dos\clibl.lib(iob.c)
094f:1516      ___iob
094f:1bd6      ___OpenStreams
094f:1bda      ___ClosedStreams
Module: C:\WATCOM\lib286\dos\clibl.lib(fgetc.c)
0000:1a30+     __fill_buffer_
0000:1b25      fgetc_
Module: C:\WATCOM\lib286\dos\clibl.lib(cmain086.c)
0000:1bcf      __CMain
Module: C:\WATCOM\lib286\dos\clibl.lib(initrtns.c)
0000:1c2a      __InitRtns
0000:1c2a*     __FInitRtns
0000:1c85      __FiniRtns
0000:1c85*     __FFiniRtns
Module: C:\WATCOM\lib286\dos\clibl.lib(uselfn.c)
094f:167e      ___uselfn
Module: C:\WATCOM\lib286\dos\clibl.lib(dosseg)
0000:1cea      __DOSseg__
Module: C:\WATCOM\lib286\dos\clibl.lib(prtf.c)
0000:1ceb      __prtf_
Module: C:\WATCOM\lib286\dos\clibl.lib(vsprintf.c)
0000:2ade      vsprintf_
Module: C:\WATCOM\lib286\dos\clibl.lib(fputs.c)
0000:2b09      fputs_
Module: C:\WATCOM\lib286\dos\clibl.lib(dointr)
0000:2ba8      _DoINTR_
Module: C:\WATCOM\lib286\plbxl.lib(stabtrav.cpp)
0000:6180      __wcpp_4_stab_entry__
0000:619a*     __wcpp_4_stab_trav_comp__
0000:62be      __wcpp_4_stab_trav_init__
0000:62ec      __wcpp_4_stab_trav_next__
0000:6362      __wcpp_4_stab_trav_move__
Module: C:\WATCOM\lib286\plbxl.lib(callterm.cpp)
0000:6380      __wcpp_4_corrupted_stack__
0000:638c      __wcpp_4_call_terminate__
Module: C:\WATCOM\lib286\plbxl.lib(allocexc.cpp)
0000:63d2      __wcpp_4_alloc_exc__
0000:66be      __wcpp_4_free_exc__
0000:6732      __wcpp_4_find_active__
0000:679c      __wcpp_4_dtor_free_exc__
Module: C:\WATCOM\lib286\plbxl.lib(stabadt.cpp)
0000:68b0+     void __far * __far dtor_the_array( _RTARCTOR __far * )
0000:6920+     __far _RTARCTOR::~_RTARCTOR()
0000:6940      __wcpp_4_dtor_array__
Module: C:\WATCOM\lib286\plbxl.lib(tsequiv.cpp)
0000:69e0      __wcpp_4_ts_refed__
0000:69fe+     __wcpp_4_ts_pnted__
0000:6a28      __wcpp_4_ts_equiv__
Module: C:\WATCOM\lib286\dos\clibl.lib(nmalloc.c)
0000:2f21      _nmalloc_
094f:1680      ___nheapbeg
094f:1682      ___MiniHeapRover
094f:1684      ___LargestSizeB4MiniHeapRover
Module: C:\WATCOM\lib286\dos\clibl.lib(mem.c)
0000:3000      __MemAllocator
0000:30c6      __MemFree
Module: C:\WATCOM\lib286\dos\clibl.lib(nfree.c)
0000:323d      _nfree_
094f:1bde+     ___MiniHeapFreeRover
Module: C:\WATCOM\lib286\dos\clibl.lib(growseg.c)
0000:333a      __GrowSeg_
Module: C:\WATCOM\lib286\dos\clibl.lib(allocseg.c)
0000:3408      __AllocSeg_
Module: C:\WATCOM\lib286\dos\clibl.lib(fmemneed.c)
0000:34a7      __fmemneed_
Module: C:\WATCOM\lib286\dos\clibl.lib(heapgrow.c)
0000:34aa*     _heapgrow_
0000:34aa*     _fheapgrow_
0000:34ab      _nheapgrow_
Module: C:\WATCOM\lib286\plbxl.lib(fatalerr.cpp)
0000:6bc0      __wcpp_4_fatal_runtime_error__
Module: C:\WATCOM\lib286\plbxl.lib(stfdsgtn.cpp)
0000:6be0      int __far std::streambuf::do_sgetn( char __far *, int )
Module: C:\WATCOM\lib286\plbxl.lib(vfun_err.cpp)
0000:6c80      __wcpp_4_undef_vfun__
Module: C:\WATCOM\lib286\plbxl.lib(stfdspun.cpp)
0000:6cb0      int __far std::streambuf::do_sputn( char const __far *, int )
Module: C:\WATCOM\lib286\plbxl.lib(stfpbfai.cpp)
0000:6da0      int __far std::streambuf::pbackfail( int )
Module: C:\WATCOM\lib286\plbxl.lib(sdfoverf.cpp)
0000:6db0      int __far stdiobuf::overflow( int )
Module: C:\WATCOM\lib286\plbxl.lib(sdfundrf.cpp)
0000:6fa0      int __far stdiobuf::underflow()
Module: C:\WATCOM\lib286\plbxl.lib(stfsbuf.cpp)
0000:7130      std::streambuf __far * __far std::streambuf::setbuf( char __far *, int )
Module: C:\WATCOM\lib286\plbxl.lib(stfseeko.cpp)
0000:71c0      long __far std::streambuf::seekoff( long, int, int )
Module: C:\WATCOM\lib286\plbxl.lib(stfseekp.cpp)
0000:71d0      long __far std::streambuf::seekpos( long, int )
Module: C:\WATCOM\lib286\plbxl.lib(sdfsync.cpp)
0000:7200      int __far stdiobuf::sync()
Module: C:\WATCOM\lib286\plbxl.lib(stfdoall.cpp)
0000:7230      int __far std::streambuf::doallocate()
Module: C:\WATCOM\lib286\plbxl.lib(stfconde.cpp)
0000:7270      __far std::streambuf::streambuf()
Module: C:\WATCOM\lib286\plbxl.lib(stabmod.cpp)
0000:72e0      __wcpp_4_module_dtor__
0000:7336      __wcpp_4_mod_register__
Module: C:\WATCOM\lib286\plbxl.lib(iosinit.cpp)
0000:7360      void __far std::ios::init( std::streambuf __far * )
Module: C:\WATCOM\lib286\plbxl.lib(iosconde.cpp)
0000:73d0      __far std::ios::ios()
Module: C:\WATCOM\lib286\plbxl.lib(iosdestr.cpp)
0000:73f0      __far std::ios::~ios()
Module: C:\WATCOM\lib286\plbxl.lib(stfsync.cpp)
0000:74b0      int __far std::streambuf::sync()
Module: C:\WATCOM\lib286\plbxl.lib(dtorarst.cpp)
0000:74e0      __wcpp_4_dtor_array_store__
Module: C:\WATCOM\lib286\plbxl.lib(opdelarr.cpp)
0000:7510      void __far operator delete []( void __far * )
Module: C:\WATCOM\lib286\plbxl.lib(stfdestr.cpp)
0000:7520      __far std::streambuf::~streambuf()
Module: C:\WATCOM\lib286\dos\clibl.lib(flush.c)
0000:3522      __flush_
Module: C:\WATCOM\lib286\plbxl.lib(opnewarr.cpp)
0000:7550      void __far * __far operator new []( int unsigned )
Module: C:\WATCOM\lib286\plbxl.lib(iosfail.cpp)
0000:7560      __far std::ios::failure::failure( int )
Module: C:\WATCOM\lib286\plbxl.lib(stabthrw.cpp)
0000:7e40+     __far std::exception::exception()
0000:7ea0+     __far std::exception::exception( std::exception const __far & )
0000:7f20+     __far std::exception::exception( char const __far * )
0000:7f80+     __far std::exception::~exception()
0000:8020+     char const __far * __far std::exception::what() const
0000:8090+     __far std::bad_exception::bad_exception()
0000:8110+     __far std::bad_exception::bad_exception( std::bad_exception const __far & )
0000:8170+     __far std::bad_exception::~bad_exception()
0000:7c8e*     __wcpp_4_catch_done__
0000:7d20      __wcpp_4_throw__
0000:7d7c*     __wcpp_4_throw_zero__
0000:7ddc*     __wcpp_4_rethrow__
Module: C:\WATCOM\lib286\plbxl.lib(prwdata.cpp)
094f:1be0      __wint_pure_error_flag
094f:1be2      __wint_undef_vfun_flag
094f:1be4      __wint_module_init
Module: C:\WATCOM\lib286\dos\clibl.lib(alphabet.c)
0000:365a      ___Alphabet
Module: C:\WATCOM\lib286\plbxl.lib(ostadpre.cpp)
0000:8260      void __far __AddPrefix( char, char __far *, int __far &, int, long )
Module: C:\WATCOM\lib286\dos\clibl.lib(strupr.c)
0000:367f      strupr_
Module: C:\WATCOM\lib286\dos\clibl.lib(initfile.c)
0000:36a1      __InitFiles_
Module: C:\WATCOM\lib286\dos\clibl.lib(ioexit.c)
0000:37fc*     fcloseall_
0000:3803      __full_io_exit_
Module: C:\WATCOM\lib286\dos\clibl.lib(flushall.c)
0000:380d      __flushall_
0000:386a*     flushall_
Module: C:\WATCOM\lib286\dos\clibl.lib(gtche.c)
0000:386f      getche_
Module: C:\WATCOM\lib286\dos\clibl.lib(ioalloc.c)
0000:3889      __ioalloc_
Module: C:\WATCOM\lib286\dos\clibl.lib(qread.c)
0000:3923      __qread_
Module: C:\WATCOM\lib286\dos\clibl.lib(errno.c)
0000:3943      __get_errno_ptr_
094f:1be8+     _errno
Module: C:\WATCOM\lib286\dos\clibl.lib(___argc.c)
094f:1bea      ____Argv
094f:1bee      ____Argc
Module: C:\WATCOM\lib286\dos\clibl.lib(exit.c)
0000:394a+     __null_int23_exit_
0000:394b      exit_
0000:3963*     _exit_
094f:1686+     ___int23_exit
094f:168a+     ___FPE_handler_exit
Module: C:\WATCOM\lib286\dos\clibl.lib(sgdef086)
094f:1afc      __Start_XI
094f:1b26      __End_XI
094f:1b26      __Start_YI
094f:1b32      __End_YI
Module: C:\WATCOM\lib286\dos\clibl.lib(wctomb.c)
0000:397e      wctomb_
Module: C:\WATCOM\lib286\dos\clibl.lib(itoa.c)
0000:39a7+     utoa_
0000:3a04      itoa_
Module: C:\WATCOM\lib286\dos\clibl.lib(i4m.asm)
0000:3a28*     __I4M
0000:3a28      __U4M
Module: C:\WATCOM\lib286\dos\clibl.lib(noefgfmt.c)
094f:168e      ___EFG_printf
094f:1692*     ___EFG_scanf
Module: C:\WATCOM\lib286\dos\clibl.lib(mbisdbcs.c)
094f:1696      ___IsDBCS
Module: C:\WATCOM\lib286\dos\clibl.lib(mbislead.c)
0000:3a50*     _ismbblead_
094f:1bf0      ___MBCSIsTable
Module: C:\WATCOM\lib286\dos\clibl.lib(lltoa.c)
0000:3a6c      ulltoa_
0000:3b51*     lltoa_
Module: C:\WATCOM\lib286\dos\clibl.lib(fputc.c)
0000:3bb3      fputc_
Module: C:\WATCOM\lib286\plbxl.lib(bittest.cpp)
0000:82e0      __wcpp_4_bit_test__
0000:8304      __wcpp_4_bit_off__
Module: C:\WATCOM\lib286\plbxl.lib(termnate.cpp)
0000:8330      void __far std::terminate()
Module: C:\WATCOM\lib286\plbxl.lib(exc_pr.cpp)
0000:8380      __far _EXC_PR::_EXC_PR( _RTCTL __far *, RW_DTREG __far *, EXCSTATE )
0000:8404      __far _EXC_PR::~_EXC_PR()
0000:8424      __far _EXC_PR_FREE::_EXC_PR_FREE( _RTCTL __far *, RW_DTREG __far *, EXCSTATE, ACTIVE_EXC __far * )
0000:8452      __far _EXC_PR_FREE::~_EXC_PR_FREE()
0000:8494      __far _EXC_PR_DTOR::_EXC_PR_DTOR( _RTCTL __far *, RW_DTREG __far *, EXCSTATE, ACTIVE_EXC __far * )
0000:84b6      __far _EXC_PR_FNEXC::_EXC_PR_FNEXC( _RTCTL __far *, RW_DTREG __far *, RW_DTREG __far *, ACTIVE_EXC __far * )
0000:8504      __far _EXC_PR_FNEXC::~_EXC_PR_FNEXC()
0000:8508      __far _EXC_PR_DTOR::~_EXC_PR_DTOR()
Module: C:\WATCOM\lib286\plbxl.lib(areaexc.cpp)
094f:16b0      ___EXC_AREA
Module: C:\WATCOM\lib286\plbxl.lib(tssize.cpp)
0000:8552      __wcpp_4_ts_size__
Module: C:\WATCOM\lib286\dos\clibl.lib(nmemneed.c)
0000:3c88      __nmemneed_
Module: C:\WATCOM\lib286\dos\clibl.lib(grownear.c)
0000:3d0a      __LastFree_
0000:3d82      __ExpandDGROUP_
Module: C:\WATCOM\lib286\dos\clibl.lib(heapen.c)
0000:3e87*     _heapenable_
094f:1ab0      ___heap_enabled
Module: C:\WATCOM\lib286\dos\clibl.lib(amblksiz.c)
094f:1ab2      __amblksiz
Module: C:\WATCOM\lib286\dos\clibl.lib(fwrite.c)
0000:3e98      fwrite_
Module: C:\WATCOM\lib286\dos\clibl.lib(memmove.c)
0000:4096      memmove_
Module: C:\WATCOM\lib286\plbxl.lib(stfsetb.cpp)
0000:8590      void __far std::streambuf::setb( char __far *, char __far *, int )
Module: C:\WATCOM\lib286\dos\clibl.lib(liballoc.c)
0000:410c      _plib_malloc_
0000:4111      _plib_free_
Module: C:\WATCOM\lib286\plbxl.lib(ioufrxal.cpp)
0000:8620      void __far __WATCOM_ios::free_xalloc_storage( std::ios __far * )
Module: C:\WATCOM\lib286\dos\clibl.lib(__lseek.c)
0000:4116      __lseek_
Module: C:\WATCOM\lib286\dos\clibl.lib(qwrit.c)
0000:4150      __qwrite_
Module: C:\WATCOM\lib286\dos\clibl.lib(fsync.c)
0000:41b2      fsync_
Module: C:\WATCOM\lib286\plbxl.lib(unexpect.cpp)
0000:8660      void __far std::unexpected()
Module: C:\WATCOM\lib286\dos\clibl.lib(stjmp086.asm)
0000:41b8*     _setjmp_
0000:420d      longjmp_
Module: C:\WATCOM\lib286\plbxl.lib(stabinit.cpp)
0000:86f0      __wcpp_4_exc_setup__
Module: C:\WATCOM\lib286\plbxl.lib(ljmpinit.cpp)
094f:1b20      ___wcpp_4_data_init_longjmp_
Module: C:\WATCOM\lib286\dos\clibl.lib(fclose.c)
0000:426a+     __doclose_
0000:432e      __shutdown_stream_
0000:4348*     fclose_
094f:1cf2+     ___RmTmpFileFn
Module: C:\WATCOM\lib286\dos\clibl.lib(freefp.c)
0000:4393      __freefp_
0000:4408      __purgefp_
Module: C:\WATCOM\lib286\dos\clibl.lib(chktty.c)
0000:4444      __chktty_
Module: C:\WATCOM\lib286\dos\clibl.lib(dosret.c)
0000:446f*     __dosretax
0000:4474*     __dosret0
0000:447b      __set_errno_dos_
0000:4507*     __set_errno_dos_reterr_
Module: C:\WATCOM\lib286\dos\clibl.lib(mbinit.c)
0000:457f      __mbinit_
094f:1ac8+     ___MBCodePage
Module: C:\WATCOM\lib286\dos\clibl.lib(sbrk.c)
0000:4639      __brk_
0000:46a0*     sbrk_
Module: C:\WATCOM\lib286\dos\clibl.lib(iomode.c)
0000:46b0      __GetIOMode_
0000:46d5      __SetIOMode_nogrow_
094f:1aca+     ___NFiles
094f:1acc+     ___init_mode
094f:1af4+     ___io_mode
Module: C:\WATCOM\lib286\dos\clibl.lib(filedos.c)
0000:46f8*     _dos_close_
0000:4706      _dos_commit_
Module: C:\WATCOM\lib286\dos\clibl.lib(ljmphdl.c)
094f:1af8      ___longjmp_handler
Module: C:\WATCOM\lib286\plbxl.lib(ljmpdtor.cpp)
0000:88d8      __wcpp_4_lj_handler__
Module: C:\WATCOM\lib286\dos\clibl.lib(_clse.c)
0000:4716      __close_
Module: C:\WATCOM\lib286\dos\clibl.lib(isatt.c)
0000:474e      isatty_
Module: C:\WATCOM\lib286\dos\clibl.lib(doserrno.c)
0000:476a      __get_doserrno_ptr_
094f:1cf6+     __doserrno
Module: C:\WATCOM\lib286\dos\clibl.lib(error086.asm)
0000:4772      __doserror_
0000:4780*     __doserror1_


                        +--------------------+
                        |   Libraries Used   |
                        +--------------------+

C:\WATCOM\lib286\plbxl.lib
C:\WATCOM\lib286\dos\clibl.lib


                        +-----------------------+
                        |   Linker Statistics   |
                        +-----------------------+

Stack size:  0800 (2048.)
Memory size:  b9f0 (47600.)
Entry point address: 0000:13be
Link time: 00:00.04
